Microchip MPLAB XC8 Compiler V1.34 ()

Linker command line:

--edf=C:\Program Files (x86)\Microchip\xc8\v1.34\dat\en_msgs.txt -cs \
  -h+dist/default/production\Projeto_RFID_3.X.production.sym \
  --cmf=dist/default/production\Projeto_RFID_3.X.production.cmf -z \
  -Q16F628A -oC:\Users\micro\AppData\Local\Temp\s3ts.6 \
  -Mdist/default/production/Projeto_RFID_3.X.production.map -E1 -ver=XC8 \
  -ASTACK=0A0h-0efh -pstack=STACK -ACODE=00h-07FFh -ASTRCODE=00h-07FFh \
  -ASTRING=00h-0FFhx8 -ACONST=00h-0FFhx8 -AENTRY=00h-0FFhx8 \
  -ACOMMON=070h-07Fh -ABANK0=020h-06Fh -ABANK1=0A0h-0EFh \
  -ABANK2=0120h-014Fh -ARAM=020h-06Fh,0A0h-0EFh,0120h-014Fh \
  -AABS1=020h-07Fh,0A0h-0EFh,0120h-014Fh -ASFR0=00h-01Fh -ASFR1=080h-09Fh \
  -ASFR2=0100h-011Fh -ASFR3=0180h-01EFh \
  -preset_vec=00h,intentry,init,end_init -ppowerup=CODE -pcinit=CODE \
  -pfunctab=CODE -ACONFIG=02007h-02007h -pconfig=CONFIG -DCONFIG=2 \
  -AIDLOC=02000h-02003h -pidloc=IDLOC -DIDLOC=2 -AEEDATA=00h-07Fh/02100h \
  -peeprom_data=EEDATA -DEEDATA=2 -DCODE=2 -DSTRCODE=2 -DSTRING=2 -DCONST=2 \
  -DENTRY=2 -k C:\Users\micro\AppData\Local\Temp\s3ts.obj \
  dist/default/production\Projeto_RFID_3.X.production.obj 

Object code version is 3.11

Machine type is 16F628A



                Name                               Link     Load   Length Selector   Space Scale
C:\Users\micro\AppData\Local\Temp\s3ts.obj
                end_init                              0        0        1        0       0
                config                             2007     2007        1     400E       0
dist/default/production\Projeto_RFID_3.X.production.obj
                cinit                               7F9      7F9        7      FF2       0
                text24                              43C      43C       8A      878       0
                text23                              204      204       14      408       0
                text22                              1C4      1C4        F      388       0
                text21                              1B6      1B6        E      36C       0
                text20                              1AD      1AD        9      35A       0
                text19                              196      196        7      32C       0
                text18                              2EC      2EC       36      5D8       0
                text17                              1D3      1D3       10      3A6       0
                text16                              6C6      6C6      133      D8C       0
                text15                              3DF      3DF       5D      7BE       0
                text14                              22D      22D       16      45A       0
                text13                              2B7      2B7       35      56E       0
                text12                              1E3      1E3       10      3C6       0
                text11                              243      243       20      486       0
                text10                              1F3      1F3       11      3E6       0
                text9                               263      263       22      4C6       0
                text8                               191      191        5      322       0
                text7                               218      218       15      430       0
                text6                               39E      39E       41      73C       0
                text5                               322      322       3C      644       0
                text4                               285      285       32      50A       0
                text3                               19D      19D        8      33A       0
                text2                               4C6      4C6       DE      98C       0
                text1                               35E      35E       40      6BC       0
                maintext                            5A4      5A4      122      B48       0
                cstackBANK0                          20       20       33       20       1
                cstackCOMMON                         70       70        E       70       1
                clrtext                             1A5      1A5        8      34A       0
                bssBANK0                             53       53       13       20       1
                nvBANK0                              66       66        1       20       1
                strings                               1        1       96        2       0

TOTAL           Name                               Link     Load   Length     Space
        CLASS   STACK          

        CLASS   CODE           
                end_init                              0        0        1         0
                cinit                               7F9      7F9        7         0
                text24                              43C      43C       8A         0
                text23                              204      204       14         0
                text22                              1C4      1C4        F         0
                text21                              1B6      1B6        E         0
                text20                              1AD      1AD        9         0
                text19                              196      196        7         0
                text18                              2EC      2EC       36         0
                text17                              1D3      1D3       10         0
                text16                              6C6      6C6      133         0
                text15                              3DF      3DF       5D         0
                text14                              22D      22D       16         0
                text13                              2B7      2B7       35         0
                text12                              1E3      1E3       10         0
                text11                              243      243       20         0
                text10                              1F3      1F3       11         0
                text9                               263      263       22         0
                text8                               191      191        5         0
                text7                               218      218       15         0
                text6                               39E      39E       41         0
                text5                               322      322       3C         0
                text4                               285      285       32         0
                text3                               19D      19D        8         0
                text2                               4C6      4C6       DE         0
                text1                               35E      35E       40         0
                maintext                            5A4      5A4      122         0
                clrtext                             1A5      1A5        8         0

        CLASS   STRCODE        

        CLASS   STRING         
                strings                               1        1       96         0

        CLASS   CONST          

        CLASS   ENTRY          

        CLASS   COMMON         
                cstackCOMMON                         70       70        E         1

        CLASS   BANK0          
                cstackBANK0                          20       20       33         1
                bssBANK0                             53       53       13         1
                nvBANK0                              66       66        1         1

        CLASS   BANK1          

        CLASS   BANK2          

        CLASS   RAM            

        CLASS   ABS1           
                abs_s1                               7E       7E        2         1

        CLASS   SFR0           

        CLASS   SFR1           

        CLASS   SFR2           

        CLASS   SFR3           

        CLASS   CONFIG         
                config                             2007     2007        1         0

        CLASS   IDLOC          

        CLASS   EEDATA         

        CLASS   BANK3          



SEGMENTS        Name                           Load    Length   Top    Selector   Space  Class     Delta

                reset_vec                      000000  000001  000001         0       0  CODE        2
                strings                        000001  000096  000097         2       0  STRING      2
                cstackBANK0                    000020  000047  000067        20       1  BANK0       1
                cstackCOMMON                   000070  00000E  00007E        70       1  COMMON      1
                text8                          000191  000005  000196       322       0  CODE        2
                text19                         000196  000007  00019D       32C       0  CODE        2
                text3                          00019D  000008  0001A5       33A       0  CODE        2
                clrtext                        0001A5  000008  0001AD       34A       0  CODE        2
                text20                         0001AD  000009  0001B6       35A       0  CODE        2
                text21                         0001B6  00000E  0001C4       36C       0  CODE        2
                text22                         0001C4  00000F  0001D3       388       0  CODE        2
                text17                         0001D3  000010  0001E3       3A6       0  CODE        2
                text12                         0001E3  000010  0001F3       3C6       0  CODE        2
                text10                         0001F3  000011  000204       3E6       0  CODE        2
                text23                         000204  000014  000218       408       0  CODE        2
                text7                          000218  000015  00022D       430       0  CODE        2
                text14                         00022D  000016  000243       45A       0  CODE        2
                text11                         000243  000020  000263       486       0  CODE        2
                text9                          000263  000022  000285       4C6       0  CODE        2
                text4                          000285  000032  0002B7       50A       0  CODE        2
                text13                         0002B7  000035  0002EC       56E       0  CODE        2
                text18                         0002EC  000036  000322       5D8       0  CODE        2
                text5                          000322  00003C  00035E       644       0  CODE        2
                text1                          00035E  000040  00039E       6BC       0  CODE        2
                text6                          00039E  000041  0003DF       73C       0  CODE        2
                text15                         0003DF  00005D  00043C       7BE       0  CODE        2
                text24                         00043C  00008A  0004C6       878       0  CODE        2
                text2                          0004C6  0000DE  0005A4       98C       0  CODE        2
                maintext                       0005A4  000122  0006C6       B48       0  CODE        2
                text16                         0006C6  000133  0007F9       D8C       0  CODE        2
                cinit                          0007F9  000007  000800       FF2       0  CODE        2
                config                         002007  000001  002008      400E       0  CONFIG      2


UNUSED ADDRESS RANGES

        Name                Unused          Largest block    Delta
        BANK0            0067-006F              9           1
        BANK1            00A0-00EF             50           1
        BANK2            0120-014F             30           1
        CODE             0097-0190             FA           2
        CONST            0097-0190             69           2
        EEDATA           2100-217F             80           2
        ENTRY            0097-0190             69           2
        IDLOC            2000-2003              4           2
        RAM              0067-006F              9           1
                         00A0-00EF             50
                         0120-014F             30
        SFR0             0000-001F             20           1
        SFR1             0080-009F             20           1
        SFR2             0100-011F             20           1
        SFR3             0180-01EF             70           1
        STACK            00A0-00EF             50           1
        STRCODE          0097-0190             FA           2
        STRING           0097-0190             69           2

                                  Symbol Table

?___lwdiv                        cstackCOMMON 0070
?___lwmod                        cstackCOMMON 0078
?_printf                         cstackBANK0  0020
MFRC522_AntiColl@_status         cstackBANK0  003D
MFRC522_AntiColl@i               cstackBANK0  003E
MFRC522_AntiColl@serNum          cstackBANK0  003F
MFRC522_AntiColl@serNumCheck     cstackBANK0  003A
MFRC522_AntiColl@unLen           cstackBANK0  003B
MFRC522_Clear_Bit@addr           cstackBANK0  0022
MFRC522_Clear_Bit@mask           cstackCOMMON 007D
MFRC522_Rd@addr                  cstackCOMMON 0078
MFRC522_Rd@value                 cstackCOMMON 0079
MFRC522_ReadCardSerial@_status   cstackBANK0  0041
MFRC522_ReadCardSerial@str       cstackBANK0  0042
MFRC522_Request@TagType          cstackBANK0  0035
MFRC522_Request@_status          cstackBANK0  003B
MFRC522_Request@backBits         cstackBANK0  003C
MFRC522_Request@reqMode          cstackBANK0  003A
MFRC522_Set_Bit@addr             cstackBANK0  0021
MFRC522_Set_Bit@mask             cstackCOMMON 007D
MFRC522_ToCard@_status           cstackBANK0  002E
MFRC522_ToCard@backData          cstackBANK0  0025
MFRC522_ToCard@backLen           cstackBANK0  0026
MFRC522_ToCard@command           cstackBANK0  0031
MFRC522_ToCard@i                 cstackBANK0  0032
MFRC522_ToCard@irqEn             cstackBANK0  0030
MFRC522_ToCard@lastBits          cstackBANK0  002F
MFRC522_ToCard@n                 cstackBANK0  0034
MFRC522_ToCard@sendData          cstackBANK0  0023
MFRC522_ToCard@sendLen           cstackBANK0  0024
MFRC522_ToCard@waitIRq           cstackBANK0  002D
MFRC522_Wr@addr                  cstackCOMMON 007C
MFRC522_Wr@value                 cstackCOMMON 007A
MFRC522_isCard@TagType           cstackBANK0  003F
SPI_init@mode                    cstackCOMMON 0071
SPI_transfer@byte                cstackCOMMON 0076
SPI_transfer@data                cstackCOMMON 0071
SPI_transfer@i                   cstackCOMMON 0072
SPI_transfer@i_224               cstackCOMMON 0074
_CARRY                           (abs)        0018
_EEADR                           (abs)        009B
_EECON1                          (abs)        009C
_EECON2                          (abs)        009D
_EEDATA                          (abs)        009A
_GIE                             (abs)        005F
_MFRC522_AntennaOn               text20       01AD
_MFRC522_AntiColl                text15       03DF
_MFRC522_Clear_Bit               text17       01D3
_MFRC522_Init                    text18       02EC
_MFRC522_Rd                      text23       0204
_MFRC522_ReadCardSerial          text14       022D
_MFRC522_Request                 text13       02B7
_MFRC522_Reset                   text19       0196
_MFRC522_Set_Bit                 text21       01B6
_MFRC522_ToCard                  text16       06C6
_MFRC522_Wr                      text22       01C4
_MFRC522_isCard                  text12       01E3
_PORTAbits                       (abs)        0005
_PORTB                           (abs)        0006
_PORTBbits                       (abs)        0006
_RCIF                            (abs)        0065
_RCREG                           (abs)        001A
_RCSTAbits                       (abs)        0018
_RD                              (abs)        04E0
_SPBRG                           (abs)        0099
_SPI_init                        text11       0243
_SPI_transfer                    text24       043C
_TRISAbits                       (abs)        0085
_TRISB                           (abs)        0086
_TRISBbits                       (abs)        0086
_TXIF                            (abs)        0064
_TXREG                           (abs)        0019
_TXSTAbits                       (abs)        0098
_UART_init                       text10       01F3
_WR                              (abs)        04E1
_WREN                            (abs)        04E2
__CFG_BOREN$OFF                  (abs)        0000
__CFG_CP$OFF                     (abs)        0000
__CFG_CPD$OFF                    (abs)        0000
__CFG_FOSC$HS                    (abs)        0000
__CFG_LVP$OFF                    (abs)        0000
__CFG_MCLRE$ON                   (abs)        0000
__CFG_PWRTE$OFF                  (abs)        0000
__CFG_WDTE$OFF                   (abs)        0000
__Habs1                          abs1         0000
__Hbank0                         bank0        0000
__Hbank1                         bank1        0000
__Hbank2                         bank2        0000
__Hbank3                         bank3        0000
__HbssBANK0                      bssBANK0     0000
__Hcinit                         cinit        0800
__Hclrtext                       clrtext      0000
__Hcode                          code         0000
__Hcommon                        common       0000
__Hconfig                        config       2008
__HcstackBANK0                   cstackBANK0  0000
__HcstackCOMMON                  cstackCOMMON 0000
__Heeprom_data                   eeprom_data  0000
__Hend_init                      end_init     0001
__Hfunctab                       functab      0000
__Hidloc                         idloc        0000
__Hinit                          init         0000
__Hintentry                      intentry     0000
__Hmaintext                      maintext     0000
__HnvBANK0                       nvBANK0      0000
__Hpowerup                       powerup      0000
__Hram                           ram          0000
__Hreset_vec                     reset_vec    0000
__Hsfr0                          sfr0         0000
__Hsfr1                          sfr1         0000
__Hsfr2                          sfr2         0000
__Hsfr3                          sfr3         0000
__Hspace_0                       (abs)        2008
__Hspace_1                       (abs)        007E
__Hspace_2                       (abs)        0000
__Hspace_3                       (abs)        0000
__Hstack                         stack        0000
__Hstrings                       strings      0000
__Htext                          text         0000
__Labs1                          abs1         0000
__Lbank0                         bank0        0000
__Lbank1                         bank1        0000
__Lbank2                         bank2        0000
__Lbank3                         bank3        0000
__LbssBANK0                      bssBANK0     0000
__Lcinit                         cinit        07F9
__Lclrtext                       clrtext      0000
__Lcode                          code         0000
__Lcommon                        common       0000
__Lconfig                        config       2007
__LcstackBANK0                   cstackBANK0  0000
__LcstackCOMMON                  cstackCOMMON 0000
__Leeprom_data                   eeprom_data  0000
__Lend_init                      end_init     0000
__Lfunctab                       functab      0000
__Lidloc                         idloc        0000
__Linit                          init         0000
__Lintentry                      intentry     0000
__Lmaintext                      maintext     0000
__LnvBANK0                       nvBANK0      0000
__Lpowerup                       powerup      0000
__Lram                           ram          0000
__Lreset_vec                     reset_vec    0000
__Lsfr0                          sfr0         0000
__Lsfr1                          sfr1         0000
__Lsfr2                          sfr2         0000
__Lsfr3                          sfr3         0000
__Lspace_0                       (abs)        0000
__Lspace_1                       (abs)        0000
__Lspace_2                       (abs)        0000
__Lspace_3                       (abs)        0000
__Lstack                         stack        0000
__Lstrings                       strings      0000
__Ltext                          text         0000
__S0                             (abs)        2008
__S1                             (abs)        007E
__S2                             (abs)        0000
__S3                             (abs)        0000
___int_sp                        stack        0000
___latbits                       (abs)        0000
___lwdiv                         text5        0322
___lwdiv@counter                 cstackCOMMON 0077
___lwdiv@dividend                cstackCOMMON 0072
___lwdiv@divisor                 cstackCOMMON 0070
___lwdiv@quotient                cstackCOMMON 0075
___lwmod                         text4        0285
___lwmod@counter                 cstackCOMMON 007D
___lwmod@dividend                cstackCOMMON 007A
___lwmod@divisor                 cstackCOMMON 0078
___sp                            stack        0000
__end_of_MFRC522_AntennaOn       text20       01B6
__end_of_MFRC522_AntiColl        text15       043C
__end_of_MFRC522_Clear_Bit       text17       01E3
__end_of_MFRC522_Init            text18       0322
__end_of_MFRC522_Rd              text23       0218
__end_of_MFRC522_ReadCardSerial  text14       0243
__end_of_MFRC522_Request         text13       02EC
__end_of_MFRC522_Reset           text19       019D
__end_of_MFRC522_Set_Bit         text21       01C4
__end_of_MFRC522_ToCard          text16       07F9
__end_of_MFRC522_Wr              text22       01D3
__end_of_MFRC522_isCard          text12       01F3
__end_of_SPI_init                text11       0263
__end_of_SPI_transfer            text24       04C6
__end_of_UART_init               text10       0204
__end_of___lwdiv                 text5        035E
__end_of___lwmod                 text4        02B7
__end_of__initialization         cinit        07FE
__end_of__stringtab              strings      0007
__end_of_clear_list_cards        text8        0196
__end_of_compare_card            text6        03DF
__end_of_dpowers                 strings      0011
__end_of_eeprom_read             text7        022D
__end_of_eeprom_write            text9        0285
__end_of_hexpowers               strings      0019
__end_of_main                    maintext     06C6
__end_of_printf                  text2        05A4
__end_of_putch                   text3        01A5
__end_of_record_card             text1        039E
__initialization                 cinit        07F9
__mode                           nvBANK0      0066
__pbssBANK0                      bssBANK0     0053
__pcstackBANK0                   cstackBANK0  0020
__pcstackCOMMON                  cstackCOMMON 0070
__pmaintext                      maintext     05A4
__pnvBANK0                       nvBANK0      0066
__pstrings                       strings      0001
__ptext1                         text1        035E
__ptext10                        text10       01F3
__ptext11                        text11       0243
__ptext12                        text12       01E3
__ptext13                        text13       02B7
__ptext14                        text14       022D
__ptext15                        text15       03DF
__ptext16                        text16       06C6
__ptext17                        text17       01D3
__ptext18                        text18       02EC
__ptext19                        text19       0196
__ptext2                         text2        04C6
__ptext20                        text20       01AD
__ptext21                        text21       01B6
__ptext22                        text22       01C4
__ptext23                        text23       0204
__ptext24                        text24       043C
__ptext3                         text3        019D
__ptext4                         text4        0285
__ptext5                         text5        0322
__ptext6                         text6        039E
__ptext7                         text7        0218
__ptext8                         text8        0191
__ptext9                         text9        0263
__size_of_MFRC522_AntennaOn      (abs)        0000
__size_of_MFRC522_AntiColl       (abs)        0000
__size_of_MFRC522_Clear_Bit      (abs)        0000
__size_of_MFRC522_Init           (abs)        0000
__size_of_MFRC522_Rd             (abs)        0000
__size_of_MFRC522_ReadCardSerial (abs)        0000
__size_of_MFRC522_Request        (abs)        0000
__size_of_MFRC522_Reset          (abs)        0000
__size_of_MFRC522_Set_Bit        (abs)        0000
__size_of_MFRC522_ToCard         (abs)        0000
__size_of_MFRC522_Wr             (abs)        0000
__size_of_MFRC522_isCard         (abs)        0000
__size_of_SPI_init               (abs)        0000
__size_of_SPI_transfer           (abs)        0000
__size_of_UART_init              (abs)        0000
__size_of___lwdiv                (abs)        0000
__size_of___lwmod                (abs)        0000
__size_of_clear_list_cards       (abs)        0000
__size_of_compare_card           (abs)        0000
__size_of_eeprom_read            (abs)        0000
__size_of_eeprom_write           (abs)        0000
__size_of_main                   (abs)        0000
__size_of_printf                 (abs)        0000
__size_of_putch                  (abs)        0000
__size_of_record_card            (abs)        0000
__stringbase                     strings      0006
__stringtab                      strings      0001
_buffer                          bssBANK0     0053
_clear_list_cards                text8        0191
_compare_card                    text6        039E
_count                           bssBANK0     0063
_dpowers                         strings      0007
_eeprom_read                     text7        0218
_eeprom_write                    text9        0263
_hexpowers                       strings      0011
_main                            maintext     05A4
_num                             bssBANK0     0065
_printf                          text2        04C6
_putch                           text3        019D
_record_card                     text1        035E
btemp                            (abs)        007E
clear_ram0                       clrtext      01A5
compare_card@card                cstackCOMMON 0074
compare_card@i                   cstackCOMMON 0075
compare_card@index               cstackCOMMON 0073
eeprom_read@addr                 cstackCOMMON 0071
eeprom_write@addr                cstackCOMMON 0072
eeprom_write@value               cstackCOMMON 0070
end_of_initialization            cinit        07FE
intlevel0                        functab      0000
intlevel1                        functab      0000
intlevel2                        functab      0000
intlevel3                        functab      0000
intlevel4                        functab      0000
intlevel5                        functab      0000
ltemp                            (abs)        007E
ltemp0                           (abs)        007E
ltemp1                           (abs)        0082
ltemp2                           (abs)        0086
ltemp3                           (abs)        0080
main@TagType                     cstackBANK0  0052
main@UID                         cstackBANK0  0046
main@i                           cstackBANK0  004C
main@i_360                       cstackBANK0  004E
main@i_365                       cstackBANK0  0050
main@i_372                       cstackBANK0  004F
printf@ap                        cstackBANK0  0026
printf@c                         cstackBANK0  002C
printf@f                         cstackBANK0  002B
printf@flag                      cstackBANK0  0027
printf@idx                       cstackBANK0  0025
printf@prec                      cstackBANK0  0028
printf@val                       cstackBANK0  0029
putch@data                       cstackCOMMON 0070
record_card@card                 cstackCOMMON 0074
record_card@index                cstackCOMMON 0075
reset_vec                        reset_vec    0000
stackhi                          (abs)        0000
stacklo                          (abs)        0000
start                            init         0000
start_initialization             cinit        07F9
ttemp                            (abs)        007E
ttemp0                           (abs)        007E
ttemp1                           (abs)        0081
ttemp2                           (abs)        0084
ttemp3                           (abs)        0087
ttemp4                           (abs)        007F
wtemp                            (abs)        007E
wtemp0                           (abs)        007E
wtemp1                           (abs)        0080
wtemp2                           (abs)        0082
wtemp3                           (abs)        0084
wtemp4                           (abs)        0086
wtemp5                           (abs)        0088
wtemp6                           (abs)        007F


FUNCTION INFORMATION:

 *************** function _main *****************
 Defined at:
		line 595 in file "main.c"
 Parameters:    Size  Location     Type
		None
 Auto vars:     Size  Location     Type
  i               1   47[BANK0 ] unsigned char 
  i               2   48[BANK0 ] int 
  i               1   46[BANK0 ] unsigned char 
  i               2   44[BANK0 ] int 
  UID             6   38[BANK0 ] unsigned char [6]
  TagType         1   50[BANK0 ] unsigned char 
  size            1    0        unsigned char 
 Return value:  Size  Location     Type
		None               void
 Registers used:
		wreg, fsr0l, fsr0h, status,2, status,0, btemp+1, pclath, cstack
 Tracked objects:
		On entry : 
		On exit  : 
		Unchanged: 
 Data sizes:     COMMON   BANK0   BANK1   BANK2
      Params:         0       0       0       0
      Locals:         0      13       0       0
      Temps:          0       3       0       0
      Totals:         0      16       0       0
Total ram usage:       16 bytes
 Hardware stack levels required when called:    6
 This function calls:
		_MFRC522_Init
		_MFRC522_ReadCardSerial
		_MFRC522_isCard
		_SPI_init
		_UART_init
		_clear_list_cards
		_compare_card
		_printf
		_record_card
 This function is called by:
		Startup code after reset
 This function uses a non-reentrant model


 *************** function _record_card *****************
 Defined at:
		line 537 in file "main.c"
 Parameters:    Size  Location     Type
  card            1    wreg     PTR unsigned char 
		 -> main@UID(6), 
 Auto vars:     Size  Location     Type
  card            1    4[COMMON] PTR unsigned char 
		 -> main@UID(6), 
  index           1    5[COMMON] unsigned char 
 Return value:  Size  Location     Type
		None               void
 Registers used:
		wreg, fsr0l, fsr0h, status,2, status,0, pclath, cstack
 Tracked objects:
		On entry : 
		On exit  : 
		Unchanged: 
 Data sizes:     COMMON   BANK0   BANK1   BANK2
      Params:         0       0       0       0
      Locals:         2       0       0       0
      Temps:          1       0       0       0
      Totals:         3       0       0       0
Total ram usage:        3 bytes
 Hardware stack levels used:    1
 Hardware stack levels required when called:    1
 This function calls:
		_eeprom_read
		_eeprom_write
 This function is called by:
		_main
 This function uses a non-reentrant model


 *************** function _printf *****************
 Defined at:
		line 464 in file "C:\Program Files (x86)\Microchip\xc8\v1.34\sources\common\doprnt.c"
 Parameters:    Size  Location     Type
  f               1    wreg     PTR const unsigned char 
		 -> STR_8(20), STR_7(22), STR_6(20), STR_5(3), 
		 -> STR_4(4), STR_3(9), STR_2(18), STR_1(16), 
 Auto vars:     Size  Location     Type
  f               1   11[BANK0 ] PTR const unsigned char 
		 -> STR_8(20), STR_7(22), STR_6(20), STR_5(3), 
		 -> STR_4(4), STR_3(9), STR_2(18), STR_1(16), 
  idx             1    5[BANK0 ] unsigned char 
  tmpval          4    0        struct .
  val             2    9[BANK0 ] unsigned int 
  cp              2    0        PTR const unsigned char 
  len             2    0        unsigned int 
  c               1   12[BANK0 ] char 
  prec            1    8[BANK0 ] char 
  flag            1    7[BANK0 ] unsigned char 
  ap              1    6[BANK0 ] PTR void [1]
		 -> ?_printf(2), 
 Return value:  Size  Location     Type
                  2    0[BANK0 ] int 
 Registers used:
		wreg, fsr0l, fsr0h, status,2, status,0, btemp+1, pclath, cstack
 Tracked objects:
		On entry : 
		On exit  : 
		Unchanged: 
 Data sizes:     COMMON   BANK0   BANK1   BANK2
      Params:         0       2       0       0
      Locals:         0       8       0       0
      Temps:          0       3       0       0
      Totals:         0      13       0       0
Total ram usage:       13 bytes
 Hardware stack levels used:    1
 Hardware stack levels required when called:    1
 This function calls:
		___lwdiv
		___lwmod
		_putch
 This function is called by:
		_main
 This function uses a non-reentrant model


 *************** function _putch *****************
 Defined at:
		line 8 in file "UART.c"
 Parameters:    Size  Location     Type
  data            1    wreg     unsigned char 
 Auto vars:     Size  Location     Type
  data            1    0[COMMON] unsigned char 
 Return value:  Size  Location     Type
		None               void
 Registers used:
		wreg
 Tracked objects:
		On entry : 
		On exit  : 
		Unchanged: 
 Data sizes:     COMMON   BANK0   BANK1   BANK2
      Params:         0       0       0       0
      Locals:         1       0       0       0
      Temps:          0       0       0       0
      Totals:         1       0       0       0
Total ram usage:        1 bytes
 Hardware stack levels used:    1
 This function calls:
		Nothing
 This function is called by:
		_printf
 This function uses a non-reentrant model


 *************** function ___lwmod *****************
 Defined at:
		line 6 in file "C:\Program Files (x86)\Microchip\xc8\v1.34\sources\common\lwmod.c"
 Parameters:    Size  Location     Type
  divisor         2    8[COMMON] unsigned int 
  dividend        2   10[COMMON] unsigned int 
 Auto vars:     Size  Location     Type
  counter         1   13[COMMON] unsigned char 
 Return value:  Size  Location     Type
                  2    8[COMMON] unsigned int 
 Registers used:
		wreg, status,2, status,0
 Tracked objects:
		On entry : 
		On exit  : 
		Unchanged: 
 Data sizes:     COMMON   BANK0   BANK1   BANK2
      Params:         4       0       0       0
      Locals:         1       0       0       0
      Temps:          1       0       0       0
      Totals:         6       0       0       0
Total ram usage:        6 bytes
 Hardware stack levels used:    1
 This function calls:
		Nothing
 This function is called by:
		_printf
 This function uses a non-reentrant model


 *************** function ___lwdiv *****************
 Defined at:
		line 6 in file "C:\Program Files (x86)\Microchip\xc8\v1.34\sources\common\lwdiv.c"
 Parameters:    Size  Location     Type
  divisor         2    0[COMMON] unsigned int 
  dividend        2    2[COMMON] unsigned int 
 Auto vars:     Size  Location     Type
  quotient        2    5[COMMON] unsigned int 
  counter         1    7[COMMON] unsigned char 
 Return value:  Size  Location     Type
                  2    0[COMMON] unsigned int 
 Registers used:
		wreg, status,2, status,0
 Tracked objects:
		On entry : 
		On exit  : 
		Unchanged: 
 Data sizes:     COMMON   BANK0   BANK1   BANK2
      Params:         4       0       0       0
      Locals:         3       0       0       0
      Temps:          1       0       0       0
      Totals:         8       0       0       0
Total ram usage:        8 bytes
 Hardware stack levels used:    1
 This function calls:
		Nothing
 This function is called by:
		_printf
 This function uses a non-reentrant model


 *************** function _compare_card *****************
 Defined at:
		line 520 in file "main.c"
 Parameters:    Size  Location     Type
  card            1    wreg     PTR unsigned char 
		 -> main@UID(6), 
 Auto vars:     Size  Location     Type
  card            1    4[COMMON] PTR unsigned char 
		 -> main@UID(6), 
  i               1    5[COMMON] unsigned char 
  index           1    3[COMMON] unsigned char 
 Return value:  Size  Location     Type
                  1    wreg      unsigned char 
 Registers used:
		wreg, fsr0l, fsr0h, status,2, status,0, pclath, cstack
 Tracked objects:
		On entry : 
		On exit  : 
		Unchanged: 
 Data sizes:     COMMON   BANK0   BANK1   BANK2
      Params:         0       0       0       0
      Locals:         3       0       0       0
      Temps:          1       0       0       0
      Totals:         4       0       0       0
Total ram usage:        4 bytes
 Hardware stack levels used:    1
 Hardware stack levels required when called:    1
 This function calls:
		_eeprom_read
 This function is called by:
		_main
 This function uses a non-reentrant model


 *************** function _eeprom_read *****************
 Defined at:
		line 6 in file "C:\Program Files (x86)\Microchip\xc8\v1.34\sources\pic\eeread.c"
 Parameters:    Size  Location     Type
  addr            1    wreg     unsigned char 
 Auto vars:     Size  Location     Type
  addr            1    1[COMMON] unsigned char 
 Return value:  Size  Location     Type
                  1    wreg      unsigned char 
 Registers used:
		wreg, status,2, status,0
 Tracked objects:
		On entry : 
		On exit  : 
		Unchanged: 
 Data sizes:     COMMON   BANK0   BANK1   BANK2
      Params:         0       0       0       0
      Locals:         1       0       0       0
      Temps:          1       0       0       0
      Totals:         2       0       0       0
Total ram usage:        2 bytes
 Hardware stack levels used:    1
 This function calls:
		Nothing
 This function is called by:
		_compare_card
		_record_card
 This function uses a non-reentrant model


 *************** function _clear_list_cards *****************
 Defined at:
		line 551 in file "main.c"
 Parameters:    Size  Location     Type
		None
 Auto vars:     Size  Location     Type
		None
 Return value:  Size  Location     Type
		None               void
 Registers used:
		wreg, status,2, status,0, pclath, cstack
 Tracked objects:
		On entry : 
		On exit  : 
		Unchanged: 
 Data sizes:     COMMON   BANK0   BANK1   BANK2
      Params:         0       0       0       0
      Locals:         0       0       0       0
      Temps:          0       0       0       0
      Totals:         0       0       0       0
Total ram usage:        0 bytes
 Hardware stack levels used:    1
 Hardware stack levels required when called:    1
 This function calls:
		_eeprom_write
 This function is called by:
		_main
 This function uses a non-reentrant model


 *************** function _eeprom_write *****************
 Defined at:
		line 6 in file "C:\Program Files (x86)\Microchip\xc8\v1.34\sources\pic\eewrite.c"
 Parameters:    Size  Location     Type
  addr            1    wreg     unsigned char 
  value           1    0[COMMON] unsigned char 
 Auto vars:     Size  Location     Type
  addr            1    2[COMMON] unsigned char 
 Return value:  Size  Location     Type
		None               void
 Registers used:
		wreg, status,2, status,0
 Tracked objects:
		On entry : 
		On exit  : 
		Unchanged: 
 Data sizes:     COMMON   BANK0   BANK1   BANK2
      Params:         1       0       0       0
      Locals:         1       0       0       0
      Temps:          1       0       0       0
      Totals:         3       0       0       0
Total ram usage:        3 bytes
 Hardware stack levels used:    1
 This function calls:
		Nothing
 This function is called by:
		_record_card
		_clear_list_cards
 This function uses a non-reentrant model


 *************** function _UART_init *****************
 Defined at:
		line 14 in file "UART.c"
 Parameters:    Size  Location     Type
		None
 Auto vars:     Size  Location     Type
		None
 Return value:  Size  Location     Type
		None               void
 Registers used:
		wreg
 Tracked objects:
		On entry : 
		On exit  : 
		Unchanged: 
 Data sizes:     COMMON   BANK0   BANK1   BANK2
      Params:         0       0       0       0
      Locals:         0       0       0       0
      Temps:          0       0       0       0
      Totals:         0       0       0       0
Total ram usage:        0 bytes
 Hardware stack levels used:    1
 This function calls:
		Nothing
 This function is called by:
		_main
 This function uses a non-reentrant model


 *************** function _SPI_init *****************
 Defined at:
		line 32 in file "SPI.c"
 Parameters:    Size  Location     Type
  mode            1    wreg     unsigned char 
 Auto vars:     Size  Location     Type
  mode            1    1[COMMON] unsigned char 
 Return value:  Size  Location     Type
		None               void
 Registers used:
		wreg, status,2, status,0
 Tracked objects:
		On entry : 
		On exit  : 
		Unchanged: 
 Data sizes:     COMMON   BANK0   BANK1   BANK2
      Params:         0       0       0       0
      Locals:         1       0       0       0
      Temps:          1       0       0       0
      Totals:         2       0       0       0
Total ram usage:        2 bytes
 Hardware stack levels used:    1
 This function calls:
		Nothing
 This function is called by:
		_main
 This function uses a non-reentrant model


 *************** function _MFRC522_isCard *****************
 Defined at:
		line 480 in file "main.c"
 Parameters:    Size  Location     Type
  TagType         1    wreg     PTR unsigned char 
		 -> main@TagType(1), 
 Auto vars:     Size  Location     Type
  TagType         1   31[BANK0 ] PTR unsigned char 
		 -> main@TagType(1), 
 Return value:  Size  Location     Type
                  1    wreg      unsigned char 
 Registers used:
		wreg, fsr0l, fsr0h, status,2, status,0, btemp+1, pclath, cstack
 Tracked objects:
		On entry : 
		On exit  : 
		Unchanged: 
 Data sizes:     COMMON   BANK0   BANK1   BANK2
      Params:         0       0       0       0
      Locals:         0       1       0       0
      Temps:          0       1       0       0
      Totals:         0       2       0       0
Total ram usage:        2 bytes
 Hardware stack levels used:    1
 Hardware stack levels required when called:    5
 This function calls:
		_MFRC522_Request
 This function is called by:
		_main
 This function uses a non-reentrant model


 *************** function _MFRC522_Request *****************
 Defined at:
		line 290 in file "main.c"
 Parameters:    Size  Location     Type
  reqMode         1    wreg     unsigned char 
  TagType         1   21[BANK0 ] PTR unsigned char 
		 -> main@TagType(1), 
 Auto vars:     Size  Location     Type
  reqMode         1   26[BANK0 ] unsigned char 
  backBits        2   28[BANK0 ] unsigned int 
  _status         1   27[BANK0 ] unsigned char 
 Return value:  Size  Location     Type
                  1    wreg      unsigned char 
 Registers used:
		wreg, fsr0l, fsr0h, status,2, status,0, btemp+1, pclath, cstack
 Tracked objects:
		On entry : 
		On exit  : 
		Unchanged: 
 Data sizes:     COMMON   BANK0   BANK1   BANK2
      Params:         0       1       0       0
      Locals:         0       4       0       0
      Temps:          0       4       0       0
      Totals:         0       9       0       0
Total ram usage:        9 bytes
 Hardware stack levels used:    1
 Hardware stack levels required when called:    4
 This function calls:
		_MFRC522_ToCard
		_MFRC522_Wr
 This function is called by:
		_MFRC522_isCard
 This function uses a non-reentrant model


 *************** function _MFRC522_ReadCardSerial *****************
 Defined at:
		line 487 in file "main.c"
 Parameters:    Size  Location     Type
  str             1    wreg     PTR unsigned char 
		 -> main@UID(6), 
 Auto vars:     Size  Location     Type
  str             1   34[BANK0 ] PTR unsigned char 
		 -> main@UID(6), 
  _status         1   33[BANK0 ] unsigned char 
 Return value:  Size  Location     Type
                  1    wreg      unsigned char 
 Registers used:
		wreg, fsr0l, fsr0h, status,2, status,0, btemp+1, pclath, cstack
 Tracked objects:
		On entry : 
		On exit  : 
		Unchanged: 
 Data sizes:     COMMON   BANK0   BANK1   BANK2
      Params:         0       0       0       0
      Locals:         0       2       0       0
      Temps:          0       1       0       0
      Totals:         0       3       0       0
Total ram usage:        3 bytes
 Hardware stack levels used:    1
 Hardware stack levels required when called:    5
 This function calls:
		_MFRC522_AntiColl
 This function is called by:
		_main
 This function uses a non-reentrant model


 *************** function _MFRC522_AntiColl *****************
 Defined at:
		line 450 in file "main.c"
 Parameters:    Size  Location     Type
  serNum          1    wreg     PTR unsigned char 
		 -> main@UID(6), 
 Auto vars:     Size  Location     Type
  serNum          1   31[BANK0 ] PTR unsigned char 
		 -> main@UID(6), 
  unLen           2   27[BANK0 ] unsigned int 
  i               1   30[BANK0 ] unsigned char 
  _status         1   29[BANK0 ] unsigned char 
  serNumCheck     1   26[BANK0 ] unsigned char 
 Return value:  Size  Location     Type
                  1    wreg      unsigned char 
 Registers used:
		wreg, fsr0l, fsr0h, status,2, status,0, btemp+1, pclath, cstack
 Tracked objects:
		On entry : 
		On exit  : 
		Unchanged: 
 Data sizes:     COMMON   BANK0   BANK1   BANK2
      Params:         0       0       0       0
      Locals:         0       6       0       0
      Temps:          0       5       0       0
      Totals:         0      11       0       0
Total ram usage:       11 bytes
 Hardware stack levels used:    1
 Hardware stack levels required when called:    4
 This function calls:
		_MFRC522_Clear_Bit
		_MFRC522_ToCard
		_MFRC522_Wr
 This function is called by:
		_MFRC522_ReadCardSerial
 This function uses a non-reentrant model


 *************** function _MFRC522_ToCard *****************
 Defined at:
		line 187 in file "main.c"
 Parameters:    Size  Location     Type
  command         1    wreg     unsigned char 
  sendData        1    3[BANK0 ] PTR unsigned char 
		 -> main@UID(6), main@TagType(1), MFRC522_Write@buff(18), MFRC522_Auth@buff(12), 
		 -> MFRC522_Halt@buff(4), MFRC522_SelectTag@buffer(9), 
  sendLen         1    4[BANK0 ] unsigned char 
  backData        1    5[BANK0 ] PTR unsigned char 
		 -> main@UID(6), main@TagType(1), MFRC522_Write@buff(18), MFRC522_Auth@buff(12), 
		 -> MFRC522_Halt@buff(4), MFRC522_SelectTag@buffer(9), 
  backLen         1    6[BANK0 ] PTR unsigned int 
		 -> MFRC522_AntiColl@unLen(2), MFRC522_Read@unLen(2), MFRC522_Write@recvBits(2), MFRC522_Auth@recvBits(2), 
		 -> MFRC522_Halt@unLen(2), MFRC522_SelectTag@recvBits(2), MFRC522_Request@backBits(2), 
 Auto vars:     Size  Location     Type
  command         1   17[BANK0 ] unsigned char 
  i               2   18[BANK0 ] unsigned int 
  n               1   20[BANK0 ] unsigned char 
  irqEn           1   16[BANK0 ] unsigned char 
  lastBits        1   15[BANK0 ] unsigned char 
  _status         1   14[BANK0 ] unsigned char 
  waitIRq         1   13[BANK0 ] unsigned char 
 Return value:  Size  Location     Type
                  1    wreg      unsigned char 
 Registers used:
		wreg, fsr0l, fsr0h, status,2, status,0, btemp+1, pclath, cstack
 Tracked objects:
		On entry : 
		On exit  : 
		Unchanged: 
 Data sizes:     COMMON   BANK0   BANK1   BANK2
      Params:         0       4       0       0
      Locals:         0       8       0       0
      Temps:          0       6       0       0
      Totals:         0      18       0       0
Total ram usage:       18 bytes
 Hardware stack levels used:    1
 Hardware stack levels required when called:    3
 This function calls:
		_MFRC522_Clear_Bit
		_MFRC522_Rd
		_MFRC522_Set_Bit
		_MFRC522_Wr
 This function is called by:
		_MFRC522_Request
		_MFRC522_AntiColl
		_MFRC522_SelectTag
		_MFRC522_Halt
		_MFRC522_Auth
		_MFRC522_Write
		_MFRC522_Read
 This function uses a non-reentrant model


 *************** function _MFRC522_Clear_Bit *****************
 Defined at:
		line 145 in file "main.c"
 Parameters:    Size  Location     Type
  addr            1    wreg     unsigned char 
  mask            1   13[COMMON] unsigned char 
 Auto vars:     Size  Location     Type
  addr            1    2[BANK0 ] unsigned char 
 Return value:  Size  Location     Type
		None               void
 Registers used:
		wreg, status,2, status,0, btemp+1, pclath, cstack
 Tracked objects:
		On entry : 
		On exit  : 
		Unchanged: 
 Data sizes:     COMMON   BANK0   BANK1   BANK2
      Params:         1       0       0       0
      Locals:         0       1       0       0
      Temps:          0       2       0       0
      Totals:         1       3       0       0
Total ram usage:        4 bytes
 Hardware stack levels used:    1
 Hardware stack levels required when called:    2
 This function calls:
		_MFRC522_Rd
		_MFRC522_Wr
 This function is called by:
		_MFRC522_ToCard
		_MFRC522_AntiColl
		_MFRC522_AntennaOff
		_MFRC522_CRC
		_MFRC522_Halt
 This function uses a non-reentrant model


 *************** function _MFRC522_Init *****************
 Defined at:
		line 165 in file "main.c"
 Parameters:    Size  Location     Type
		None
 Auto vars:     Size  Location     Type
		None
 Return value:  Size  Location     Type
		None               void
 Registers used:
		wreg, status,2, status,0, btemp+1, pclath, cstack
 Tracked objects:
		On entry : 
		On exit  : 
		Unchanged: 
 Data sizes:     COMMON   BANK0   BANK1   BANK2
      Params:         0       0       0       0
      Locals:         0       0       0       0
      Temps:          0       1       0       0
      Totals:         0       1       0       0
Total ram usage:        1 bytes
 Hardware stack levels used:    1
 Hardware stack levels required when called:    4
 This function calls:
		_MFRC522_AntennaOn
		_MFRC522_Reset
		_MFRC522_Wr
 This function is called by:
		_main
 This function uses a non-reentrant model


 *************** function _MFRC522_Reset *****************
 Defined at:
		line 153 in file "main.c"
 Parameters:    Size  Location     Type
		None
 Auto vars:     Size  Location     Type
		None
 Return value:  Size  Location     Type
		None               void
 Registers used:
		wreg, status,2, status,0, btemp+1, pclath, cstack
 Tracked objects:
		On entry : 
		On exit  : 
		Unchanged: 
 Data sizes:     COMMON   BANK0   BANK1   BANK2
      Params:         0       0       0       0
      Locals:         0       0       0       0
      Temps:          1       0       0       0
      Totals:         1       0       0       0
Total ram usage:        1 bytes
 Hardware stack levels used:    1
 Hardware stack levels required when called:    2
 This function calls:
		_MFRC522_Wr
 This function is called by:
		_MFRC522_Init
 This function uses a non-reentrant model


 *************** function _MFRC522_AntennaOn *****************
 Defined at:
		line 157 in file "main.c"
 Parameters:    Size  Location     Type
		None
 Auto vars:     Size  Location     Type
		None
 Return value:  Size  Location     Type
		None               void
 Registers used:
		wreg, status,2, status,0, btemp+1, pclath, cstack
 Tracked objects:
		On entry : 
		On exit  : 
		Unchanged: 
 Data sizes:     COMMON   BANK0   BANK1   BANK2
      Params:         0       0       0       0
      Locals:         0       0       0       0
      Temps:          0       1       0       0
      Totals:         0       1       0       0
Total ram usage:        1 bytes
 Hardware stack levels used:    1
 Hardware stack levels required when called:    3
 This function calls:
		_MFRC522_Set_Bit
 This function is called by:
		_MFRC522_Init
 This function uses a non-reentrant model


 *************** function _MFRC522_Set_Bit *****************
 Defined at:
		line 149 in file "main.c"
 Parameters:    Size  Location     Type
  addr            1    wreg     unsigned char 
  mask            1   13[COMMON] unsigned char 
 Auto vars:     Size  Location     Type
  addr            1    1[BANK0 ] unsigned char 
 Return value:  Size  Location     Type
		None               void
 Registers used:
		wreg, status,2, status,0, btemp+1, pclath, cstack
 Tracked objects:
		On entry : 
		On exit  : 
		Unchanged: 
 Data sizes:     COMMON   BANK0   BANK1   BANK2
      Params:         1       0       0       0
      Locals:         0       1       0       0
      Temps:          0       1       0       0
      Totals:         1       2       0       0
Total ram usage:        3 bytes
 Hardware stack levels used:    1
 Hardware stack levels required when called:    2
 This function calls:
		_MFRC522_Rd
		_MFRC522_Wr
 This function is called by:
		_MFRC522_AntennaOn
		_MFRC522_ToCard
		_MFRC522_CRC
 This function uses a non-reentrant model


 *************** function _MFRC522_Wr *****************
 Defined at:
		line 129 in file "main.c"
 Parameters:    Size  Location     Type
  addr            1    wreg     unsigned char 
  value           1   10[COMMON] unsigned char 
 Auto vars:     Size  Location     Type
  addr            1   12[COMMON] unsigned char 
 Return value:  Size  Location     Type
		None               void
 Registers used:
		wreg, status,2, status,0, btemp+1, pclath, cstack
 Tracked objects:
		On entry : 
		On exit  : 
		Unchanged: 
 Data sizes:     COMMON   BANK0   BANK1   BANK2
      Params:         1       0       0       0
      Locals:         1       0       0       0
      Temps:          1       0       0       0
      Totals:         3       0       0       0
Total ram usage:        3 bytes
 Hardware stack levels used:    1
 Hardware stack levels required when called:    1
 This function calls:
		_SPI_transfer
 This function is called by:
		_MFRC522_Clear_Bit
		_MFRC522_Set_Bit
		_MFRC522_Reset
		_MFRC522_Init
		_MFRC522_ToCard
		_MFRC522_Request
		_MFRC522_AntiColl
		_MFRC522_CRC
 This function uses a non-reentrant model


 *************** function _MFRC522_Rd *****************
 Defined at:
		line 136 in file "main.c"
 Parameters:    Size  Location     Type
  addr            1    wreg     unsigned char 
 Auto vars:     Size  Location     Type
  addr            1    8[COMMON] unsigned char 
  value           1    9[COMMON] unsigned char 
 Return value:  Size  Location     Type
                  1    wreg      unsigned char 
 Registers used:
		wreg, status,2, status,0, btemp+1, pclath, cstack
 Tracked objects:
		On entry : 
		On exit  : 
		Unchanged: 
 Data sizes:     COMMON   BANK0   BANK1   BANK2
      Params:         0       0       0       0
      Locals:         2       0       0       0
      Temps:          1       0       0       0
      Totals:         3       0       0       0
Total ram usage:        3 bytes
 Hardware stack levels used:    1
 Hardware stack levels required when called:    1
 This function calls:
		_SPI_transfer
 This function is called by:
		_MFRC522_Clear_Bit
		_MFRC522_Set_Bit
		_MFRC522_ToCard
		_MFRC522_CRC
		_MFRC522_Auth
 This function uses a non-reentrant model


 *************** function _SPI_transfer *****************
 Defined at:
		line 43 in file "SPI.c"
 Parameters:    Size  Location     Type
  data            1    wreg     unsigned char 
 Auto vars:     Size  Location     Type
  data            1    1[COMMON] unsigned char 
  i               2    4[COMMON] int 
  i               2    2[COMMON] int 
  byte            1    6[COMMON] unsigned char 
 Return value:  Size  Location     Type
                  1    wreg      unsigned char 
 Registers used:
		wreg, status,2, status,0, btemp+1
 Tracked objects:
		On entry : 
		On exit  : 
		Unchanged: 
 Data sizes:     COMMON   BANK0   BANK1   BANK2
      Params:         0       0       0       0
      Locals:         6       0       0       0
      Temps:          1       0       0       0
      Totals:         7       0       0       0
Total ram usage:        7 bytes
 Hardware stack levels used:    1
 This function calls:
		Nothing
 This function is called by:
		_MFRC522_Wr
		_MFRC522_Rd
 This function uses a non-reentrant model



MODULE INFORMATION

Module		Function		Class		Link	Load	Size
UART.c
		_putch         		CODE           	019D	0000	9
		_UART_init     		CODE           	01F3	0000	18

UART.c estimated size: 27

C:\Program Files (x86)\Microchip\xc8\v1.34\sources\common\lwmod.c
		___lwmod       		CODE           	0285	0000	51

C:\Program Files (x86)\Microchip\xc8\v1.34\sources\common\lwmod.c estimated size: 51

shared
		__stringtab    		STRING         	0001	0000	7
		_dpowers       		STRING         	0007	0000	11
		__initializatio		CODE           	07F9	0000	6
		_hexpowers     		STRING         	0011	0000	9

shared estimated size: 33

C:\Program Files (x86)\Microchip\xc8\v1.34\sources\pic\eewrite.c
		_eeprom_write  		CODE           	0263	0000	35

C:\Program Files (x86)\Microchip\xc8\v1.34\sources\pic\eewrite.c estimated size: 35

C:\Program Files (x86)\Microchip\xc8\v1.34\sources\common\lwdiv.c
		___lwdiv       		CODE           	0322	0000	61

C:\Program Files (x86)\Microchip\xc8\v1.34\sources\common\lwdiv.c estimated size: 61

C:\Program Files (x86)\Microchip\xc8\v1.34\sources\pic\eeread.c
		_eeprom_read   		CODE           	0218	0000	22

C:\Program Files (x86)\Microchip\xc8\v1.34\sources\pic\eeread.c estimated size: 22

SPI.c
		_SPI_init      		CODE           	0243	0000	33
		_SPI_transfer  		CODE           	043C	0000	139

SPI.c estimated size: 172

C:\Program Files (x86)\Microchip\xc8\v1.34\sources\common\doprnt.c
		_printf        		CODE           	04C6	0000	223

C:\Program Files (x86)\Microchip\xc8\v1.34\sources\common\doprnt.c estimated size: 223

main.c
		_MFRC522_Reques		CODE           	02B7	0000	54
		_compare_card  		CODE           	039E	0000	66
		_main          		CODE           	05A4	0000	291
		_MFRC522_ReadCa		CODE           	022D	0000	23
		_MFRC522_Rd    		CODE           	0204	0000	21
		_MFRC522_Wr    		CODE           	01C4	0000	16
		_MFRC522_Init  		CODE           	02EC	0000	55
		_MFRC522_AntiCo		CODE           	03DF	0000	94
		_MFRC522_Reset 		CODE           	0196	0000	8
		_MFRC522_Antenn		CODE           	01AD	0000	10
		_MFRC522_Clear_		CODE           	01D3	0000	17
		_record_card   		CODE           	035E	0000	65
		_MFRC522_ToCard		CODE           	06C6	0000	308
		_MFRC522_isCard		CODE           	01E3	0000	17
		_clear_list_car		CODE           	0191	0000	6
		_MFRC522_Set_Bi		CODE           	01B6	0000	15

main.c estimated size: 1066

